This file contains any messages produced by compilers while
running configure, to aid debugging if configure makes a mistake.

It was created by libuv configure 1.6.1, which was
generated by GNU Autoconf 2.71.  Invocation command line was

  $ ./configure

## --------- ##
## Platform. ##
## --------- ##

hostname = runnervmymu0l
uname -m = x86_64
uname -r = 6.11.0-1018-azure
uname -s = Linux
uname -v = #18~24.04.1-Ubuntu SMP Sat Jun 28 04:46:03 UTC 2025

/usr/bin/uname -p = x86_64
/bin/uname -X     = unknown

/bin/arch              = x86_64
/usr/bin/arch -k       = unknown
/usr/convex/getsysinfo = unknown
/usr/bin/hostinfo      = unknown
/bin/machine           = unknown
/usr/bin/oslevel       = unknown
/bin/universe          = unknown

PATH: /snap/bin/
PATH: /home/runner/.local/bin/
PATH: /opt/pipx_bin/
PATH: /home/runner/.cargo/bin/
PATH: /home/runner/.config/composer/vendor/bin/
PATH: /usr/local/.ghcup/bin/
PATH: /home/runner/.dotnet/tools/
PATH: /usr/local/sbin/
PATH: /usr/local/bin/
PATH: /usr/sbin/
PATH: /usr/bin/
PATH: /sbin/
PATH: /bin/
PATH: /usr/games/
PATH: /usr/local/games/
PATH: /snap/bin/


## ----------- ##
## Core tests. ##
## ----------- ##

configure:2376: looking for aux files: ltmain.sh ar-lib compile config.guess config.sub missing install-sh
configure:2389:  trying ./
configure:2418:   ./ltmain.sh found
configure:2418:   ./ar-lib found
configure:2418:   ./compile found
configure:2418:   ./config.guess found
configure:2418:   ./config.sub found
configure:2418:   ./missing found
configure:2400:   ./install-sh found
configure:2611: checking for a BSD-compatible install
configure:2684: result: /usr/bin/install -c
configure:2695: checking whether build environment is sane
configure:2750: result: yes
configure:2909: checking for a race-free mkdir -p
configure:2953: result: /usr/bin/mkdir -p
configure:2960: checking for gawk
configure:2981: found /usr/bin/gawk
configure:2992: result: gawk
configure:3003: checking whether make sets $(MAKE)
configure:3026: result: yes
configure:3056: checking whether make supports nested variables
configure:3074: result: yes
configure:3216: checking build system type
configure:3231: result: x86_64-unknown-linux-gnu
configure:3251: checking host system type
configure:3265: result: x86_64-unknown-linux-gnu
configure:3411: checking for gcc
configure:3432: found /usr/bin/gcc
configure:3443: result: gcc
configure:3796: checking for C compiler version
configure:3805: gcc --version >&5
gcc (Ubuntu 13.3.0-6ubuntu2~24.04) 13.3.0
Copyright (C) 2023 Free Software Foundation, Inc.
This is free software; see the source for copying conditions.  There is NO
warranty; not even for MERCHANTABILITY or FITNESS FOR A PARTICULAR PURPOSE.

configure:3816: $? = 0
configure:3805: gcc -v >&5
Using built-in specs.
COLLECT_GCC=gcc
COLLECT_LTO_WRAPPER=/usr/libexec/gcc/x86_64-linux-gnu/13/lto-wrapper
OFFLOAD_TARGET_NAMES=nvptx-none:amdgcn-amdhsa
OFFLOAD_TARGET_DEFAULT=1
Target: x86_64-linux-gnu
Configured with: ../src/configure -v --with-pkgversion='Ubuntu 13.3.0-6ubuntu2~24.04' --with-bugurl=file:///usr/share/doc/gcc-13/README.Bugs --enable-languages=c,ada,c++,go,d,fortran,objc,obj-c++,m2 --prefix=/usr --with-gcc-major-version-only --program-suffix=-13 --program-prefix=x86_64-linux-gnu- --enable-shared --enable-linker-build-id --libexecdir=/usr/libexec --without-included-gettext --enable-threads=posix --libdir=/usr/lib --enable-nls --enable-bootstrap --enable-clocale=gnu --enable-libstdcxx-debug --enable-libstdcxx-time=yes --with-default-libstdcxx-abi=new --enable-libstdcxx-backtrace --enable-gnu-unique-object --disable-vtable-verify --enable-plugin --enable-default-pie --with-system-zlib --enable-libphobos-checking=release --with-target-system-zlib=auto --enable-objc-gc=auto --enable-multiarch --disable-werror --enable-cet --with-arch-32=i686 --with-abi=m64 --with-multilib-list=m32,m64,mx32 --enable-multilib --with-tune=generic --enable-offload-targets=nvptx-none=/build/gcc-13-fG75Ri/gcc-13-13.3.0/debian/tmp-nvptx/usr,amdgcn-amdhsa=/build/gcc-13-fG75Ri/gcc-13-13.3.0/debian/tmp-gcn/usr --enable-offload-defaulted --without-cuda-driver --enable-checking=release --build=x86_64-linux-gnu --host=x86_64-linux-gnu --target=x86_64-linux-gnu --with-build-config=bootstrap-lto-lean --enable-link-serialization=2
Thread model: posix
Supported LTO compression algorithms: zlib zstd
gcc version 13.3.0 (Ubuntu 13.3.0-6ubuntu2~24.04) 
... rest of stderr output deleted ...
configure:3816: $? = 0
configure:3805: gcc -V >&5
gcc: error: unrecognized command-line option '-V'
gcc: fatal error: no input files
compilation terminated.
configure:3816: $? = 1
configure:3805: gcc -qversion >&5
gcc: error: unrecognized command-line option '-qversion'; did you mean '--version'?
gcc: fatal error: no input files
compilation terminated.
configure:3816: $? = 1
configure:3805: gcc -version >&5
gcc: error: unrecognized command-line option '-version'
gcc: fatal error: no input files
compilation terminated.
configure:3816: $? = 1
configure:3836: checking whether the C compiler works
configure:3858: gcc    conftest.c  >&5
configure:3862: $? = 0
configure:3912: result: yes
configure:3915: checking for C compiler default output file name
configure:3917: result: a.out
configure:3923: checking for suffix of executables
configure:3930: gcc -o conftest    conftest.c  >&5
configure:3934: $? = 0
configure:3957: result: 
configure:3979: checking whether we are cross compiling
configure:3987: gcc -o conftest    conftest.c  >&5
configure:3991: $? = 0
configure:3998: ./conftest
configure:4002: $? = 0
configure:4017: result: no
configure:4022: checking for suffix of object files
configure:4045: gcc -c   conftest.c >&5
configure:4049: $? = 0
configure:4071: result: o
configure:4075: checking whether the compiler supports GNU C
configure:4095: gcc -c   conftest.c >&5
configure:4095: $? = 0
configure:4105: result: yes
configure:4116: checking whether gcc accepts -g
configure:4137: gcc -c -g  conftest.c >&5
configure:4137: $? = 0
configure:4181: result: yes
configure:4201: checking for gcc option to enable C11 features
configure:4216: gcc  -c -g -O2  conftest.c >&5
configure:4216: $? = 0
configure:4234: result: none needed
configure:4350: checking whether gcc understands -c and -o together
configure:4373: gcc -c conftest.c -o conftest2.o
configure:4376: $? = 0
configure:4373: gcc -c conftest.c -o conftest2.o
configure:4376: $? = 0
configure:4388: result: yes
configure:4408: checking whether make supports the include directive
configure:4423: make -f confmf.GNU && cat confinc.out
this is the am__doit target
configure:4426: $? = 0
configure:4440: result: yes (GNU style)
configure:4466: checking dependency style of gcc
configure:4578: result: gcc3
configure:4597: checking if gcc supports -fvisibility=hidden flag
configure:4615: gcc -c -g -O2 -fvisibility=hidden  conftest.c >&5
configure:4615: $? = 0
configure:4634: result: yes
configure:4647: checking if gcc supports -g flag
configure:4664: gcc -c -g -O2 -fvisibility=hidden -g  conftest.c >&5
configure:4664: $? = 0
configure:4683: result: yes
configure:4696: checking if gcc supports -std=gnu89 flag
configure:4713: gcc -c -g -O2 -fvisibility=hidden -g -std=gnu89  conftest.c >&5
configure:4713: $? = 0
configure:4732: result: yes
configure:4745: checking if gcc supports -pedantic flag
configure:4762: gcc -c -g -O2 -fvisibility=hidden -g -std=gnu89 -pedantic  conftest.c >&5
configure:4762: $? = 0
configure:4781: result: yes
configure:4794: checking if gcc supports -Wall flag
configure:4811: gcc -c -g -O2 -fvisibility=hidden -g -std=gnu89 -pedantic -Wall  conftest.c >&5
configure:4811: $? = 0
configure:4830: result: yes
configure:4843: checking if gcc supports -Wextra flag
configure:4860: gcc -c -g -O2 -fvisibility=hidden -g -std=gnu89 -pedantic -Wall -Wextra  conftest.c >&5
configure:4860: $? = 0
configure:4879: result: yes
configure:4892: checking if gcc supports -Wno-unused-parameter flag
configure:4909: gcc -c -g -O2 -fvisibility=hidden -g -std=gnu89 -pedantic -Wall -Wextra -Wno-unused-parameter  conftest.c >&5
configure:4909: $? = 0
configure:4928: result: yes
configure:4994: checking for ar
configure:5015: found /usr/bin/ar
configure:5026: result: ar
configure:5052: checking the archiver (ar) interface
configure:5069: gcc -c -g -O2 -fvisibility=hidden -g -std=gnu89 -pedantic -Wall -Wextra -Wno-unused-parameter  conftest.c >&5
configure:5069: $? = 0
configure:5072: ar cru libconftest.a conftest.o >&5
ar: `u' modifier ignored since `D' is the default (see `U')
configure:5075: $? = 0
configure:5103: result: ar
configure:5171: checking how to print strings
configure:5198: result: printf
configure:5219: checking for a sed that does not truncate output
configure:5289: result: /usr/bin/sed
configure:5307: checking for grep that handles long lines and -e
configure:5371: result: /usr/bin/grep
configure:5376: checking for egrep
configure:5444: result: /usr/bin/grep -E
configure:5449: checking for fgrep
configure:5517: result: /usr/bin/grep -F
configure:5553: checking for ld used by gcc
configure:5621: result: /usr/bin/ld
configure:5628: checking if the linker (/usr/bin/ld) is GNU ld
configure:5644: result: yes
configure:5656: checking for BSD- or MS-compatible name lister (nm)
configure:5711: result: /usr/bin/nm -B
configure:5851: checking the name lister (/usr/bin/nm -B) interface
configure:5859: gcc -c -g -O2 -fvisibility=hidden -g -std=gnu89 -pedantic -Wall -Wextra -Wno-unused-parameter  conftest.c >&5
configure:5862: /usr/bin/nm -B "conftest.o"
configure:5865: output
0000000000000000 B some_variable
configure:5872: result: BSD nm
configure:5875: checking whether ln -s works
configure:5879: result: yes
configure:5887: checking the maximum length of command line arguments
configure:6019: result: 3145728
configure:6067: checking how to convert x86_64-unknown-linux-gnu file names to x86_64-unknown-linux-gnu format
configure:6108: result: func_convert_file_noop
configure:6115: checking how to convert x86_64-unknown-linux-gnu file names to toolchain format
configure:6136: result: func_convert_file_noop
configure:6143: checking for /usr/bin/ld option to reload object files
configure:6151: result: -r
configure:6230: checking for file
configure:6251: found /usr/bin/file
configure:6262: result: file
configure:6338: checking for objdump
configure:6359: found /usr/bin/objdump
configure:6370: result: objdump
configure:6402: checking how to recognize dependent libraries
configure:6603: result: pass_all
configure:6693: checking for dlltool
configure:6728: result: no
configure:6758: checking how to associate runtime and link libraries
configure:6786: result: printf %s\n
configure:6936: checking for archiver @FILE support
configure:6954: gcc -c -g -O2 -fvisibility=hidden -g -std=gnu89 -pedantic -Wall -Wextra -Wno-unused-parameter  conftest.c >&5
configure:6954: $? = 0
configure:6958: ar cr libconftest.a @conftest.lst >&5
configure:6961: $? = 0
configure:6966: ar cr libconftest.a @conftest.lst >&5
ar: conftest.o: No such file or directory
configure:6969: $? = 1
configure:6981: result: @
configure:7044: checking for strip
configure:7065: found /usr/bin/strip
configure:7076: result: strip
configure:7153: checking for ranlib
configure:7174: found /usr/bin/ranlib
configure:7185: result: ranlib
configure:7287: checking command to parse /usr/bin/nm -B output from gcc object
configure:7441: gcc -c -g -O2 -fvisibility=hidden -g -std=gnu89 -pedantic -Wall -Wextra -Wno-unused-parameter  conftest.c >&5
configure:7444: $? = 0
configure:7448: /usr/bin/nm -B conftest.o | /usr/bin/sed -n -e 's/^.*[	 ]\([ABCDGIRSTW][ABCDGIRSTW]*\)[	 ][	 ]*\([_A-Za-z][_A-Za-z0-9]*\)$/\1 \2 \2/p' | /usr/bin/sed '/ __gnu_lto/d' > conftest.nm
configure:7514: gcc -o conftest -g -O2 -fvisibility=hidden -g -std=gnu89 -pedantic -Wall -Wextra -Wno-unused-parameter   conftest.c conftstm.o >&5
conftest.c:29:20: warning: ISO C forbids conversion of function pointer to object pointer type [-Wpedantic]
   29 |   {"nm_test_func", (void *) &nm_test_func},
      |                    ^
configure:7517: $? = 0
configure:7555: result: ok
configure:7602: checking for sysroot
configure:7633: result: no
configure:7640: checking for a working dd
configure:7684: result: /usr/bin/dd
configure:7688: checking how to truncate binary pipes
configure:7704: result: /usr/bin/dd bs=4096 count=1
configure:7841: gcc -c -g -O2 -fvisibility=hidden -g -std=gnu89 -pedantic -Wall -Wextra -Wno-unused-parameter  conftest.c >&5
configure:7844: $? = 0
configure:8041: checking for mt
configure:8062: found /usr/bin/mt
configure:8073: result: mt
configure:8096: checking if mt is a manifest tool
configure:8103: mt '-?'
configure:8111: result: no
configure:8836: checking for stdio.h
configure:8836: gcc -c -g -O2 -fvisibility=hidden -g -std=gnu89 -pedantic -Wall -Wextra -Wno-unused-parameter  conftest.c >&5
configure:8836: $? = 0
configure:8836: result: yes
configure:8836: checking for stdlib.h
configure:8836: gcc -c -g -O2 -fvisibility=hidden -g -std=gnu89 -pedantic -Wall -Wextra -Wno-unused-parameter  conftest.c >&5
configure:8836: $? = 0
configure:8836: result: yes
configure:8836: checking for string.h
configure:8836: gcc -c -g -O2 -fvisibility=hidden -g -std=gnu89 -pedantic -Wall -Wextra -Wno-unused-parameter  conftest.c >&5
configure:8836: $? = 0
configure:8836: result: yes
configure:8836: checking for inttypes.h
configure:8836: gcc -c -g -O2 -fvisibility=hidden -g -std=gnu89 -pedantic -Wall -Wextra -Wno-unused-parameter  conftest.c >&5
configure:8836: $? = 0
configure:8836: result: yes
configure:8836: checking for stdint.h
configure:8836: gcc -c -g -O2 -fvisibility=hidden -g -std=gnu89 -pedantic -Wall -Wextra -Wno-unused-parameter  conftest.c >&5
configure:8836: $? = 0
configure:8836: result: yes
configure:8836: checking for strings.h
configure:8836: gcc -c -g -O2 -fvisibility=hidden -g -std=gnu89 -pedantic -Wall -Wextra -Wno-unused-parameter  conftest.c >&5
configure:8836: $? = 0
configure:8836: result: yes
configure:8836: checking for sys/stat.h
configure:8836: gcc -c -g -O2 -fvisibility=hidden -g -std=gnu89 -pedantic -Wall -Wextra -Wno-unused-parameter  conftest.c >&5
configure:8836: $? = 0
configure:8836: result: yes
configure:8836: checking for sys/types.h
configure:8836: gcc -c -g -O2 -fvisibility=hidden -g -std=gnu89 -pedantic -Wall -Wextra -Wno-unused-parameter  conftest.c >&5
configure:8836: $? = 0
configure:8836: result: yes
configure:8836: checking for unistd.h
configure:8836: gcc -c -g -O2 -fvisibility=hidden -g -std=gnu89 -pedantic -Wall -Wextra -Wno-unused-parameter  conftest.c >&5
configure:8836: $? = 0
configure:8836: result: yes
configure:8861: checking for dlfcn.h
configure:8861: gcc -c -g -O2 -fvisibility=hidden -g -std=gnu89 -pedantic -Wall -Wextra -Wno-unused-parameter  conftest.c >&5
configure:8861: $? = 0
configure:8861: result: yes
configure:9058: checking for objdir
configure:9074: result: .libs
configure:9338: checking if gcc supports -fno-rtti -fno-exceptions
configure:9357: gcc -c -g -O2 -fvisibility=hidden -g -std=gnu89 -pedantic -Wall -Wextra -Wno-unused-parameter  -fno-rtti -fno-exceptions conftest.c >&5
cc1: warning: command-line option '-fno-rtti' is valid for C++/D/ObjC++ but not for C
configure:9361: $? = 0
configure:9374: result: no
configure:9738: checking for gcc option to produce PIC
configure:9746: result: -fPIC -DPIC
configure:9754: checking if gcc PIC flag -fPIC -DPIC works
configure:9773: gcc -c -g -O2 -fvisibility=hidden -g -std=gnu89 -pedantic -Wall -Wextra -Wno-unused-parameter  -fPIC -DPIC -DPIC conftest.c >&5
configure:9777: $? = 0
configure:9790: result: yes
configure:9819: checking if gcc static flag -static works
configure:9848: result: yes
configure:9863: checking if gcc supports -c -o file.o
configure:9885: gcc -c -g -O2 -fvisibility=hidden -g -std=gnu89 -pedantic -Wall -Wextra -Wno-unused-parameter  -o out/conftest2.o conftest.c >&5
configure:9889: $? = 0
configure:9911: result: yes
configure:9919: checking if gcc supports -c -o file.o
configure:9967: result: yes
configure:10000: checking whether the gcc linker (/usr/bin/ld -m elf_x86_64) supports shared libraries
configure:11274: result: yes
configure:11311: checking whether -lc should be explicitly linked in
configure:11320: gcc -c -g -O2 -fvisibility=hidden -g -std=gnu89 -pedantic -Wall -Wextra -Wno-unused-parameter  conftest.c >&5
configure:11323: $? = 0
configure:11338: gcc -shared  -fPIC -DPIC conftest.o  -v -Wl,-soname -Wl,conftest -o conftest 2\>\&1 \| /usr/bin/grep  -lc  \>/dev/null 2\>\&1
configure:11341: $? = 0
configure:11355: result: no
configure:11515: checking dynamic linker characteristics
configure:12097: gcc -o conftest -g -O2 -fvisibility=hidden -g -std=gnu89 -pedantic -Wall -Wextra -Wno-unused-parameter   -Wl,-rpath -Wl,/foo conftest.c  >&5
configure:12097: $? = 0
configure:12348: result: GNU/Linux ld.so
configure:12470: checking how to hardcode library paths into programs
configure:12495: result: immediate
configure:13047: checking whether stripping libraries is possible
configure:13056: result: yes
configure:13098: checking if libtool supports shared libraries
configure:13100: result: yes
configure:13103: checking whether to build shared libraries
configure:13128: result: yes
configure:13131: checking whether to build static libraries
configure:13135: result: yes
configure:13184: checking whether make supports nested variables
configure:13202: result: yes
configure:13215: checking for dlopen in -ldl
configure:13238: gcc -o conftest -g -O2 -fvisibility=hidden -g -std=gnu89 -pedantic -Wall -Wextra -Wno-unused-parameter   conftest.c -ldl   >&5
configure:13238: $? = 0
configure:13248: result: yes
configure:13258: checking for kstat_lookup in -lkstat
configure:13281: gcc -o conftest -g -O2 -fvisibility=hidden -g -std=gnu89 -pedantic -Wall -Wextra -Wno-unused-parameter   conftest.c -lkstat  -ldl  >&5
/usr/bin/ld: cannot find -lkstat: No such file or directory
collect2: error: ld returned 1 exit status
configure:13281: $? = 1
configure: failed program was:
| /* confdefs.h */
| #define PACKAGE_NAME "libuv"
| #define PACKAGE_TARNAME "libuv"
| #define PACKAGE_VERSION "1.6.1"
| #define PACKAGE_STRING "libuv 1.6.1"
| #define PACKAGE_BUGREPORT "https://github.com/libuv/libuv/issues"
| #define PACKAGE_URL ""
| #define PACKAGE "libuv"
| #define VERSION "1.6.1"
| #define HAVE_STDIO_H 1
| #define HAVE_STDLIB_H 1
| #define HAVE_STRING_H 1
| #define HAVE_INTTYPES_H 1
| #define HAVE_STDINT_H 1
| #define HAVE_STRINGS_H 1
| #define HAVE_SYS_STAT_H 1
| #define HAVE_SYS_TYPES_H 1
| #define HAVE_UNISTD_H 1
| #define STDC_HEADERS 1
| #define HAVE_DLFCN_H 1
| #define LT_OBJDIR ".libs/"
| #define HAVE_LIBDL 1
| /* end confdefs.h.  */
| 
| /* Override any GCC internal prototype to avoid an error.
|    Use char because int might match the return type of a GCC
|    builtin and then its argument prototype would still apply.  */
| char kstat_lookup ();
| int
| main (void)
| {
| return kstat_lookup ();
|   ;
|   return 0;
| }
configure:13291: result: no
configure:13301: checking for kvm_open in -lkvm
configure:13324: gcc -o conftest -g -O2 -fvisibility=hidden -g -std=gnu89 -pedantic -Wall -Wextra -Wno-unused-parameter   conftest.c -lkvm  -ldl  >&5
/usr/bin/ld: cannot find -lkvm: No such file or directory
collect2: error: ld returned 1 exit status
configure:13324: $? = 1
configure: failed program was:
| /* confdefs.h */
| #define PACKAGE_NAME "libuv"
| #define PACKAGE_TARNAME "libuv"
| #define PACKAGE_VERSION "1.6.1"
| #define PACKAGE_STRING "libuv 1.6.1"
| #define PACKAGE_BUGREPORT "https://github.com/libuv/libuv/issues"
| #define PACKAGE_URL ""
| #define PACKAGE "libuv"
| #define VERSION "1.6.1"
| #define HAVE_STDIO_H 1
| #define HAVE_STDLIB_H 1
| #define HAVE_STRING_H 1
| #define HAVE_INTTYPES_H 1
| #define HAVE_STDINT_H 1
| #define HAVE_STRINGS_H 1
| #define HAVE_SYS_STAT_H 1
| #define HAVE_SYS_TYPES_H 1
| #define HAVE_UNISTD_H 1
| #define STDC_HEADERS 1
| #define HAVE_DLFCN_H 1
| #define LT_OBJDIR ".libs/"
| #define HAVE_LIBDL 1
| /* end confdefs.h.  */
| 
| /* Override any GCC internal prototype to avoid an error.
|    Use char because int might match the return type of a GCC
|    builtin and then its argument prototype would still apply.  */
| char kvm_open ();
| int
| main (void)
| {
| return kvm_open ();
|   ;
|   return 0;
| }
configure:13334: result: no
configure:13344: checking for gethostbyname in -lnsl
configure:13367: gcc -o conftest -g -O2 -fvisibility=hidden -g -std=gnu89 -pedantic -Wall -Wextra -Wno-unused-parameter   conftest.c -lnsl  -ldl  >&5
/usr/bin/ld: cannot find -lnsl: No such file or directory
collect2: error: ld returned 1 exit status
configure:13367: $? = 1
configure: failed program was:
| /* confdefs.h */
| #define PACKAGE_NAME "libuv"
| #define PACKAGE_TARNAME "libuv"
| #define PACKAGE_VERSION "1.6.1"
| #define PACKAGE_STRING "libuv 1.6.1"
| #define PACKAGE_BUGREPORT "https://github.com/libuv/libuv/issues"
| #define PACKAGE_URL ""
| #define PACKAGE "libuv"
| #define VERSION "1.6.1"
| #define HAVE_STDIO_H 1
| #define HAVE_STDLIB_H 1
| #define HAVE_STRING_H 1
| #define HAVE_INTTYPES_H 1
| #define HAVE_STDINT_H 1
| #define HAVE_STRINGS_H 1
| #define HAVE_SYS_STAT_H 1
| #define HAVE_SYS_TYPES_H 1
| #define HAVE_UNISTD_H 1
| #define STDC_HEADERS 1
| #define HAVE_DLFCN_H 1
| #define LT_OBJDIR ".libs/"
| #define HAVE_LIBDL 1
| /* end confdefs.h.  */
| 
| /* Override any GCC internal prototype to avoid an error.
|    Use char because int might match the return type of a GCC
|    builtin and then its argument prototype would still apply.  */
| char gethostbyname ();
| int
| main (void)
| {
| return gethostbyname ();
|   ;
|   return 0;
| }
configure:13377: result: no
configure:13387: checking for perfstat_cpu in -lperfstat
configure:13410: gcc -o conftest -g -O2 -fvisibility=hidden -g -std=gnu89 -pedantic -Wall -Wextra -Wno-unused-parameter   conftest.c -lperfstat  -ldl  >&5
/usr/bin/ld: cannot find -lperfstat: No such file or directory
collect2: error: ld returned 1 exit status
configure:13410: $? = 1
configure: failed program was:
| /* confdefs.h */
| #define PACKAGE_NAME "libuv"
| #define PACKAGE_TARNAME "libuv"
| #define PACKAGE_VERSION "1.6.1"
| #define PACKAGE_STRING "libuv 1.6.1"
| #define PACKAGE_BUGREPORT "https://github.com/libuv/libuv/issues"
| #define PACKAGE_URL ""
| #define PACKAGE "libuv"
| #define VERSION "1.6.1"
| #define HAVE_STDIO_H 1
| #define HAVE_STDLIB_H 1
| #define HAVE_STRING_H 1
| #define HAVE_INTTYPES_H 1
| #define HAVE_STDINT_H 1
| #define HAVE_STRINGS_H 1
| #define HAVE_SYS_STAT_H 1
| #define HAVE_SYS_TYPES_H 1
| #define HAVE_UNISTD_H 1
| #define STDC_HEADERS 1
| #define HAVE_DLFCN_H 1
| #define LT_OBJDIR ".libs/"
| #define HAVE_LIBDL 1
| /* end confdefs.h.  */
| 
| /* Override any GCC internal prototype to avoid an error.
|    Use char because int might match the return type of a GCC
|    builtin and then its argument prototype would still apply.  */
| char perfstat_cpu ();
| int
| main (void)
| {
| return perfstat_cpu ();
|   ;
|   return 0;
| }
configure:13420: result: no
configure:13430: checking for pthread_mutex_init in -lpthread
configure:13453: gcc -o conftest -g -O2 -fvisibility=hidden -g -std=gnu89 -pedantic -Wall -Wextra -Wno-unused-parameter   conftest.c -lpthread  -ldl  >&5
configure:13453: $? = 0
configure:13463: result: yes
configure:13473: checking for clock_gettime in -lrt
configure:13496: gcc -o conftest -g -O2 -fvisibility=hidden -g -std=gnu89 -pedantic -Wall -Wextra -Wno-unused-parameter   conftest.c -lrt  -lpthread -ldl  >&5
configure:13496: $? = 0
configure:13506: result: yes
configure:13516: checking for sendfile in -lsendfile
configure:13539: gcc -o conftest -g -O2 -fvisibility=hidden -g -std=gnu89 -pedantic -Wall -Wextra -Wno-unused-parameter   conftest.c -lsendfile  -lrt -lpthread -ldl  >&5
/usr/bin/ld: cannot find -lsendfile: No such file or directory
collect2: error: ld returned 1 exit status
configure:13539: $? = 1
configure: failed program was:
| /* confdefs.h */
| #define PACKAGE_NAME "libuv"
| #define PACKAGE_TARNAME "libuv"
| #define PACKAGE_VERSION "1.6.1"
| #define PACKAGE_STRING "libuv 1.6.1"
| #define PACKAGE_BUGREPORT "https://github.com/libuv/libuv/issues"
| #define PACKAGE_URL ""
| #define PACKAGE "libuv"
| #define VERSION "1.6.1"
| #define HAVE_STDIO_H 1
| #define HAVE_STDLIB_H 1
| #define HAVE_STRING_H 1
| #define HAVE_INTTYPES_H 1
| #define HAVE_STDINT_H 1
| #define HAVE_STRINGS_H 1
| #define HAVE_SYS_STAT_H 1
| #define HAVE_SYS_TYPES_H 1
| #define HAVE_UNISTD_H 1
| #define STDC_HEADERS 1
| #define HAVE_DLFCN_H 1
| #define LT_OBJDIR ".libs/"
| #define HAVE_LIBDL 1
| #define HAVE_LIBPTHREAD 1
| #define HAVE_LIBRT 1
| /* end confdefs.h.  */
| 
| /* Override any GCC internal prototype to avoid an error.
|    Use char because int might match the return type of a GCC
|    builtin and then its argument prototype would still apply.  */
| char sendfile ();
| int
| main (void)
| {
| return sendfile ();
|   ;
|   return 0;
| }
configure:13549: result: no
configure:13559: checking for socket in -lsocket
configure:13582: gcc -o conftest -g -O2 -fvisibility=hidden -g -std=gnu89 -pedantic -Wall -Wextra -Wno-unused-parameter   conftest.c -lsocket  -lrt -lpthread -ldl  >&5
/usr/bin/ld: cannot find -lsocket: No such file or directory
collect2: error: ld returned 1 exit status
configure:13582: $? = 1
configure: failed program was:
| /* confdefs.h */
| #define PACKAGE_NAME "libuv"
| #define PACKAGE_TARNAME "libuv"
| #define PACKAGE_VERSION "1.6.1"
| #define PACKAGE_STRING "libuv 1.6.1"
| #define PACKAGE_BUGREPORT "https://github.com/libuv/libuv/issues"
| #define PACKAGE_URL ""
| #define PACKAGE "libuv"
| #define VERSION "1.6.1"
| #define HAVE_STDIO_H 1
| #define HAVE_STDLIB_H 1
| #define HAVE_STRING_H 1
| #define HAVE_INTTYPES_H 1
| #define HAVE_STDINT_H 1
| #define HAVE_STRINGS_H 1
| #define HAVE_SYS_STAT_H 1
| #define HAVE_SYS_TYPES_H 1
| #define HAVE_UNISTD_H 1
| #define STDC_HEADERS 1
| #define HAVE_DLFCN_H 1
| #define LT_OBJDIR ".libs/"
| #define HAVE_LIBDL 1
| #define HAVE_LIBPTHREAD 1
| #define HAVE_LIBRT 1
| /* end confdefs.h.  */
| 
| /* Override any GCC internal prototype to avoid an error.
|    Use char because int might match the return type of a GCC
|    builtin and then its argument prototype would still apply.  */
| char socket ();
| int
| main (void)
| {
| return socket ();
|   ;
|   return 0;
| }
configure:13592: result: no
configure:13610: checking for special C compiler options needed for large files
configure:13658: result: no
configure:13664: checking for _FILE_OFFSET_BITS value needed for large files
configure:13690: gcc -c -g -O2 -fvisibility=hidden -g -std=gnu89 -pedantic -Wall -Wextra -Wno-unused-parameter  conftest.c >&5
configure:13690: $? = 0
configure:13724: result: no
configure:13916: checking for sys/ahafs_evProds.h
configure:13916: gcc -c -g -O2 -fvisibility=hidden -g -std=gnu89 -pedantic -Wall -Wextra -Wno-unused-parameter  conftest.c >&5
conftest.c:54:10: fatal error: sys/ahafs_evProds.h: No such file or directory
   54 | #include <sys/ahafs_evProds.h>
      |          ^~~~~~~~~~~~~~~~~~~~~
compilation terminated.
configure:13916: $? = 1
configure: failed program was:
| /* confdefs.h */
| #define PACKAGE_NAME "libuv"
| #define PACKAGE_TARNAME "libuv"
| #define PACKAGE_VERSION "1.6.1"
| #define PACKAGE_STRING "libuv 1.6.1"
| #define PACKAGE_BUGREPORT "https://github.com/libuv/libuv/issues"
| #define PACKAGE_URL ""
| #define PACKAGE "libuv"
| #define VERSION "1.6.1"
| #define HAVE_STDIO_H 1
| #define HAVE_STDLIB_H 1
| #define HAVE_STRING_H 1
| #define HAVE_INTTYPES_H 1
| #define HAVE_STDINT_H 1
| #define HAVE_STRINGS_H 1
| #define HAVE_SYS_STAT_H 1
| #define HAVE_SYS_TYPES_H 1
| #define HAVE_UNISTD_H 1
| #define STDC_HEADERS 1
| #define HAVE_DLFCN_H 1
| #define LT_OBJDIR ".libs/"
| #define HAVE_LIBDL 1
| #define HAVE_LIBPTHREAD 1
| #define HAVE_LIBRT 1
| /* end confdefs.h.  */
| #include <stddef.h>
| #ifdef HAVE_STDIO_H
| # include <stdio.h>
| #endif
| #ifdef HAVE_STDLIB_H
| # include <stdlib.h>
| #endif
| #ifdef HAVE_STRING_H
| # include <string.h>
| #endif
| #ifdef HAVE_INTTYPES_H
| # include <inttypes.h>
| #endif
| #ifdef HAVE_STDINT_H
| # include <stdint.h>
| #endif
| #ifdef HAVE_STRINGS_H
| # include <strings.h>
| #endif
| #ifdef HAVE_SYS_TYPES_H
| # include <sys/types.h>
| #endif
| #ifdef HAVE_SYS_STAT_H
| # include <sys/stat.h>
| #endif
| #ifdef HAVE_UNISTD_H
| # include <unistd.h>
| #endif
| #include <sys/ahafs_evProds.h>
configure:13916: result: no
configure:13925: checking for pkg-config
configure:13946: found /usr/bin/pkg-config
configure:13957: result: yes
configure:14119: checking that generated files are newer than configure
configure:14125: result: done
configure:14192: creating ./config.status

## ---------------------- ##
## Running config.status. ##
## ---------------------- ##

This file was extended by libuv config.status 1.6.1, which was
generated by GNU Autoconf 2.71.  Invocation command line was

  CONFIG_FILES    = 
  CONFIG_HEADERS  = 
  CONFIG_LINKS    = 
  CONFIG_COMMANDS = 
  $ ./config.status 

on runnervmymu0l

config.status:1026: creating libuv.pc
config.status:1026: creating Makefile
config.status:1198: executing depfiles commands
config.status:1271: cd .       && sed -e '/# am--include-marker/d' Makefile         | make -f - am--depfiles
config.status:1276: $? = 0
config.status:1198: executing libtool commands

## ---------------- ##
## Cache variables. ##
## ---------------- ##

ac_cv_build=x86_64-unknown-linux-gnu
ac_cv_c_compiler_gnu=yes
ac_cv_env_CC_set=
ac_cv_env_CC_value=
ac_cv_env_CFLAGS_set=
ac_cv_env_CFLAGS_value=
ac_cv_env_CPPFLAGS_set=
ac_cv_env_CPPFLAGS_value=
ac_cv_env_LDFLAGS_set=
ac_cv_env_LDFLAGS_value=
ac_cv_env_LIBS_set=
ac_cv_env_LIBS_value=
ac_cv_env_LT_SYS_LIBRARY_PATH_set=
ac_cv_env_LT_SYS_LIBRARY_PATH_value=
ac_cv_env_build_alias_set=
ac_cv_env_build_alias_value=
ac_cv_env_host_alias_set=
ac_cv_env_host_alias_value=
ac_cv_env_target_alias_set=
ac_cv_env_target_alias_value=
ac_cv_header_dlfcn_h=yes
ac_cv_header_inttypes_h=yes
ac_cv_header_stdint_h=yes
ac_cv_header_stdio_h=yes
ac_cv_header_stdlib_h=yes
ac_cv_header_string_h=yes
ac_cv_header_strings_h=yes
ac_cv_header_sys_ahafs_evProds_h=no
ac_cv_header_sys_stat_h=yes
ac_cv_header_sys_types_h=yes
ac_cv_header_unistd_h=yes
ac_cv_host=x86_64-unknown-linux-gnu
ac_cv_lib_dl_dlopen=yes
ac_cv_lib_kstat_kstat_lookup=no
ac_cv_lib_kvm_kvm_open=no
ac_cv_lib_nsl_gethostbyname=no
ac_cv_lib_perfstat_perfstat_cpu=no
ac_cv_lib_pthread_pthread_mutex_init=yes
ac_cv_lib_rt_clock_gettime=yes
ac_cv_lib_sendfile_sendfile=no
ac_cv_lib_socket_socket=no
ac_cv_objext=o
ac_cv_path_EGREP='/usr/bin/grep -E'
ac_cv_path_FGREP='/usr/bin/grep -F'
ac_cv_path_GREP=/usr/bin/grep
ac_cv_path_SED=/usr/bin/sed
ac_cv_path_install='/usr/bin/install -c'
ac_cv_path_lt_DD=/usr/bin/dd
ac_cv_path_mkdir=/usr/bin/mkdir
ac_cv_prog_AWK=gawk
ac_cv_prog_PKG_CONFIG=yes
ac_cv_prog_ac_ct_AR=ar
ac_cv_prog_ac_ct_CC=gcc
ac_cv_prog_ac_ct_FILECMD=file
ac_cv_prog_ac_ct_MANIFEST_TOOL=mt
ac_cv_prog_ac_ct_OBJDUMP=objdump
ac_cv_prog_ac_ct_RANLIB=ranlib
ac_cv_prog_ac_ct_STRIP=strip
ac_cv_prog_cc_c11=
ac_cv_prog_cc_g=yes
ac_cv_prog_cc_stdc=
ac_cv_prog_make_make_set=yes
ac_cv_sys_file_offset_bits=no
ac_cv_sys_largefile_CC=no
am_cv_CC_dependencies_compiler_type=gcc3
am_cv_ar_interface=ar
am_cv_make_support_nested_variables=yes
am_cv_prog_cc_c_o=yes
cc_cv_cflags__Wall=yes
cc_cv_cflags__Wextra=yes
cc_cv_cflags__Wno_unused_parameter=yes
cc_cv_cflags__fvisibility_hidden=yes
cc_cv_cflags__g=yes
cc_cv_cflags__pedantic=yes
cc_cv_cflags__std_gnu89=yes
lt_cv_ar_at_file=@
lt_cv_archive_cmds_need_lc=no
lt_cv_deplibs_check_method=pass_all
lt_cv_file_magic_cmd='$MAGIC_CMD'
lt_cv_file_magic_test_file=
lt_cv_ld_reload_flag=-r
lt_cv_nm_interface='BSD nm'
lt_cv_objdir=.libs
lt_cv_path_LD=/usr/bin/ld
lt_cv_path_NM='/usr/bin/nm -B'
lt_cv_path_mainfest_tool=no
lt_cv_prog_compiler_c_o=yes
lt_cv_prog_compiler_pic='-fPIC -DPIC'
lt_cv_prog_compiler_pic_works=yes
lt_cv_prog_compiler_rtti_exceptions=no
lt_cv_prog_compiler_static_works=yes
lt_cv_prog_gnu_ld=yes
lt_cv_sharedlib_from_linklib_cmd='printf %s\n'
lt_cv_shlibpath_overrides_runpath=yes
lt_cv_sys_global_symbol_pipe='/usr/bin/sed -n -e '\''s/^.*[	 ]\([ABCDGIRSTW][ABCDGIRSTW]*\)[	 ][	 ]*\([_A-Za-z][_A-Za-z0-9]*\)$/\1 \2 \2/p'\'' | /usr/bin/sed '\''/ __gnu_lto/d'\'''
lt_cv_sys_global_symbol_to_c_name_address='/usr/bin/sed -n -e '\''s/^: \(.*\) .*$/  {"\1", (void *) 0},/p'\'' -e '\''s/^[ABCDGIRSTW][ABCDGIRSTW]* .* \(.*\)$/  {"\1", (void *) \&\1},/p'\'''
lt_cv_sys_global_symbol_to_c_name_address_lib_prefix='/usr/bin/sed -n -e '\''s/^: \(.*\) .*$/  {"\1", (void *) 0},/p'\'' -e '\''s/^[ABCDGIRSTW][ABCDGIRSTW]* .* \(lib.*\)$/  {"\1", (void *) \&\1},/p'\'' -e '\''s/^[ABCDGIRSTW][ABCDGIRSTW]* .* \(.*\)$/  {"lib\1", (void *) \&\1},/p'\'''
lt_cv_sys_global_symbol_to_cdecl='/usr/bin/sed -n -e '\''s/^T .* \(.*\)$/extern int \1();/p'\'' -e '\''s/^[ABCDGIRSTW][ABCDGIRSTW]* .* \(.*\)$/extern char \1;/p'\'''
lt_cv_sys_global_symbol_to_import=
lt_cv_sys_max_cmd_len=3145728
lt_cv_to_host_file_cmd=func_convert_file_noop
lt_cv_to_tool_file_cmd=func_convert_file_noop
lt_cv_truncate_bin='/usr/bin/dd bs=4096 count=1'

## ----------------- ##
## Output variables. ##
## ----------------- ##

ACLOCAL='${SHELL} '\''/home/runner/work/n9n/n9n/libuv/missing'\'' aclocal-1.16'
AIX_FALSE=''
AIX_TRUE='#'
AMDEPBACKSLASH='\'
AMDEP_FALSE='#'
AMDEP_TRUE=''
AMTAR='$${TAR-tar}'
AM_BACKSLASH='\'
AM_DEFAULT_V='$(AM_DEFAULT_VERBOSITY)'
AM_DEFAULT_VERBOSITY='0'
AM_V='$(V)'
ANDROID_FALSE=''
ANDROID_TRUE='#'
AR='ar'
AUTOCONF='${SHELL} '\''/home/runner/work/n9n/n9n/libuv/missing'\'' autoconf'
AUTOHEADER='${SHELL} '\''/home/runner/work/n9n/n9n/libuv/missing'\'' autoheader'
AUTOMAKE='${SHELL} '\''/home/runner/work/n9n/n9n/libuv/missing'\'' automake-1.16'
AWK='gawk'
CC='gcc'
CCDEPMODE='depmode=gcc3'
CFLAGS='-g -O2 -fvisibility=hidden -g -std=gnu89 -pedantic -Wall -Wextra -Wno-unused-parameter'
CPPFLAGS=''
CSCOPE='cscope'
CTAGS='ctags'
CYGPATH_W='echo'
DARWIN_FALSE=''
DARWIN_TRUE='#'
DEFS='-DPACKAGE_NAME=\"libuv\" -DPACKAGE_TARNAME=\"libuv\" -DPACKAGE_VERSION=\"1.6.1\" -DPACKAGE_STRING=\"libuv\ 1.6.1\" -DPACKAGE_BUGREPORT=\"https://github.com/libuv/libuv/issues\" -DPACKAGE_URL=\"\" -DPACKAGE=\"libuv\" -DVERSION=\"1.6.1\" -DHAVE_STDIO_H=1 -DHAVE_STDLIB_H=1 -DHAVE_STRING_H=1 -DHAVE_INTTYPES_H=1 -DHAVE_STDINT_H=1 -DHAVE_STRINGS_H=1 -DHAVE_SYS_STAT_H=1 -DHAVE_SYS_TYPES_H=1 -DHAVE_UNISTD_H=1 -DSTDC_HEADERS=1 -DHAVE_DLFCN_H=1 -DLT_OBJDIR=\".libs/\" -DHAVE_LIBDL=1 -DHAVE_LIBPTHREAD=1 -DHAVE_LIBRT=1'
DEPDIR='.deps'
DLLTOOL='false'
DRAGONFLY_FALSE=''
DRAGONFLY_TRUE='#'
DSYMUTIL=''
DUMPBIN=''
ECHO_C=''
ECHO_N='-n'
ECHO_T=''
EGREP='/usr/bin/grep -E'
ETAGS='etags'
EXEEXT=''
FGREP='/usr/bin/grep -F'
FILECMD='file'
FREEBSD_FALSE=''
FREEBSD_TRUE='#'
GREP='/usr/bin/grep'
HAVE_PKG_CONFIG_FALSE='#'
HAVE_PKG_CONFIG_TRUE=''
INSTALL_DATA='${INSTALL} -m 644'
INSTALL_PROGRAM='${INSTALL}'
INSTALL_SCRIPT='${INSTALL}'
INSTALL_STRIP_PROGRAM='$(install_sh) -c -s'
LD='/usr/bin/ld -m elf_x86_64'
LDFLAGS=''
LIBOBJS=''
LIBS='-lrt -lpthread -ldl '
LIBTOOL='$(SHELL) $(top_builddir)/libtool'
LINUX_FALSE='#'
LINUX_TRUE=''
LIPO=''
LN_S='ln -s'
LTLIBOBJS=''
LT_SYS_LIBRARY_PATH=''
MAKEINFO='${SHELL} '\''/home/runner/work/n9n/n9n/libuv/missing'\'' makeinfo'
MANIFEST_TOOL=':'
MKDIR_P='/usr/bin/mkdir -p'
NETBSD_FALSE=''
NETBSD_TRUE='#'
NM='/usr/bin/nm -B'
NMEDIT=''
OBJDUMP='objdump'
OBJEXT='o'
OPENBSD_FALSE=''
OPENBSD_TRUE='#'
OTOOL64=''
OTOOL=''
PACKAGE='libuv'
PACKAGE_BUGREPORT='https://github.com/libuv/libuv/issues'
PACKAGE_NAME='libuv'
PACKAGE_STRING='libuv 1.6.1'
PACKAGE_TARNAME='libuv'
PACKAGE_URL=''
PACKAGE_VERSION='1.6.1'
PATH_SEPARATOR=':'
PKG_CONFIG='yes'
RANLIB='ranlib'
SED='/usr/bin/sed'
SET_MAKE=''
SHELL='/bin/bash'
STRIP='strip'
SUNOS_FALSE=''
SUNOS_TRUE='#'
VERSION='1.6.1'
WINNT_FALSE=''
WINNT_TRUE='#'
ac_ct_AR='ar'
ac_ct_CC='gcc'
ac_ct_DUMPBIN=''
am__EXEEXT_FALSE=''
am__EXEEXT_TRUE='#'
am__fastdepCC_FALSE='#'
am__fastdepCC_TRUE=''
am__include='include'
am__isrc=''
am__leading_dot='.'
am__nodep='_no'
am__quote=''
am__tar='$${TAR-tar} chof - "$$tardir"'
am__untar='$${TAR-tar} xf -'
bindir='${exec_prefix}/bin'
build='x86_64-unknown-linux-gnu'
build_alias=''
build_cpu='x86_64'
build_os='linux-gnu'
build_vendor='unknown'
datadir='${datarootdir}'
datarootdir='${prefix}/share'
docdir='${datarootdir}/doc/${PACKAGE_TARNAME}'
dvidir='${docdir}'
exec_prefix='${prefix}'
host='x86_64-unknown-linux-gnu'
host_alias=''
host_cpu='x86_64'
host_os='linux-gnu'
host_vendor='unknown'
htmldir='${docdir}'
includedir='${prefix}/include'
infodir='${datarootdir}/info'
install_sh='${SHELL} /home/runner/work/n9n/n9n/libuv/install-sh'
libdir='${exec_prefix}/lib'
libexecdir='${exec_prefix}/libexec'
localedir='${datarootdir}/locale'
localstatedir='${prefix}/var'
mandir='${datarootdir}/man'
mkdir_p='$(MKDIR_P)'
oldincludedir='/usr/include'
pdfdir='${docdir}'
prefix='/usr/local'
program_transform_name='s,x,x,'
psdir='${docdir}'
runstatedir='${localstatedir}/run'
sbindir='${exec_prefix}/sbin'
sharedstatedir='${prefix}/com'
sysconfdir='${prefix}/etc'
target_alias=''

## ----------- ##
## confdefs.h. ##
## ----------- ##

/* confdefs.h */
#define PACKAGE_NAME "libuv"
#define PACKAGE_TARNAME "libuv"
#define PACKAGE_VERSION "1.6.1"
#define PACKAGE_STRING "libuv 1.6.1"
#define PACKAGE_BUGREPORT "https://github.com/libuv/libuv/issues"
#define PACKAGE_URL ""
#define PACKAGE "libuv"
#define VERSION "1.6.1"
#define HAVE_STDIO_H 1
#define HAVE_STDLIB_H 1
#define HAVE_STRING_H 1
#define HAVE_INTTYPES_H 1
#define HAVE_STDINT_H 1
#define HAVE_STRINGS_H 1
#define HAVE_SYS_STAT_H 1
#define HAVE_SYS_TYPES_H 1
#define HAVE_UNISTD_H 1
#define STDC_HEADERS 1
#define HAVE_DLFCN_H 1
#define LT_OBJDIR ".libs/"
#define HAVE_LIBDL 1
#define HAVE_LIBPTHREAD 1
#define HAVE_LIBRT 1

configure: exit 0
